warning: function `compute_live_ranges` is never used
   --> rlx-compile/src/memory.rs:197:4
    |
197 | fn compute_live_ranges(graph: &Graph) -> HashMap<NodeId, (usize, usize)> {
    |    ^^^^^^^^^^^^^^^^^^^
    |
    = note: `-W dead-code` implied by `-W unused`
    = help: to override `-W unused` add `#[expect(dead_code)]` or `#[allow(dead_code)]`

warning: function `graph_uses_onnx_duration_epilogue` is never used
   --> rlx-compile/src/memory.rs:437:4
    |
437 | fn graph_uses_onnx_duration_epilogue(graph: &Graph) -> bool {
    |    ^^^^^^^^^^^^^^^^^^^^^^^^^^^^^^^^^

warning: `rlx-compile` (lib) generated 2 warnings
warning: redundant redefinition of a binding `scale`
    --> rlx-cpu/src/thunk.rs:6500:21
     |
6500 |                     let scale = scale; // honor Op::Attention::score_scale (e.g. Gemma 4 = 1.0)
     |                     ^^^^^^^^^^^^^^^^^^
     |
help: `scale` is initially defined here
    --> rlx-cpu/src/thunk.rs:6472:21
     |
6472 |                     scale,
     |                     ^^^^^
     = help: for further information visit https://rust-lang.github.io/rust-clippy/rust-1.95.0/index.html#redundant_locals
     = note: `-W clippy::redundant-locals` implied by `-W clippy::all`
     = help: to override `-W clippy::all` add `#[allow(clippy::redundant_locals)]`

warning: `rlx-cpu` (lib) generated 1 warning
    Checking rlx-metal v0.2.8 (/Users/Shared/rlx/rlx-metal)
warning: variable does not need to be mutable
    --> rlx-mlx/src/lower.rs:4550:21
     |
4550 |                 let mut start = vec![0i32; rt.len()];
     |                     ----^^^^^
     |                     |
     |                     help: remove this `mut`
     |
     = note: `-W unused-mut` implied by `-W unused`
     = help: to override `-W unused` add `#[allow(unused_mut)]`

warning: casting to the same type is unnecessary (`usize` -> `usize`)
   --> rlx-mlx/src/lower.rs:813:64
    |
813 |                 let aligned = mlx_align_concat_inputs(&inputs, *axis as usize)?;
    |                                                                ^^^^^^^^^^^^^^ help: try: `(*axis)`
    |
    = help: for further information visit https://rust-lang.github.io/rust-clippy/rust-1.95.0/index.html#unnecessary_cast
    = note: `-W clippy::unnecessary-cast` implied by `-W clippy::all`
    = help: to override `-W clippy::all` add `#[allow(clippy::unnecessary_cast)]`

warning: casting to the same type is unnecessary (`i32` -> `i32`)
    --> rlx-mlx/src/lower.rs:1310:33
     |
1310 |                         let n = in_shape[0] as i32;
     |                                 ^^^^^^^^^^^^^^^^^^ help: try: `in_shape[0]`
     |
     = help: for further information visit https://rust-lang.github.io/rust-clippy/rust-1.95.0/index.html#unnecessary_cast

warning: casting to the same type is unnecessary (`i32` -> `i32`)
    --> rlx-mlx/src/lower.rs:1311:34
     |
1311 |                         let ci = in_shape[1] as i32;
     |                                  ^^^^^^^^^^^^^^^^^^ help: try: `in_shape[1]`
     |
     = help: for further information visit https://rust-lang.github.io/rust-clippy/rust-1.95.0/index.html#unnecessary_cast

warning: casting to the same type is unnecessary (`i32` -> `i32`)
    --> rlx-mlx/src/lower.rs:1312:38
     |
1312 |                           let length = if in_shape[2] == 1 {
     |  ______________________________________^
1313 | |                             in_shape[3]
1314 | |                         } else {
1315 | |                             in_shape[2]
1316 | |                         } as i32;
     | |________________________________^
     |
     = help: for further information visit https://rust-lang.github.io/rust-clippy/rust-1.95.0/index.html#unnecessary_cast
help: try
     |
1312 ~                         let length = if in_shape[2] == 1 {
1313 +                             in_shape[3]
1314 +                         } else {
1315 +                             in_shape[2]
1316 ~                         };
     |

warning: this expression creates a reference which is immediately dereferenced by the compiler
    --> rlx-mlx/src/lower.rs:1736:37
     |
1736 |                         ops::matmul(&x, &w_kn)?
     |                                     ^^ help: change this to: `x`
     |
     = help: for further information visit https://rust-lang.github.io/rust-clippy/rust-1.95.0/index.html#needless_borrow
     = note: `-W clippy::needless-borrow` implied by `-W clippy::all`
     = help: to override `-W clippy::all` add `#[allow(clippy::needless_borrow)]`

warning: this `if` has identical blocks
    --> rlx-mlx/src/lower.rs:4524:51
     |
4524 |       let in_dims = if x_rt.len() == in_graph.len() {
     |  ___________________________________________________^
4525 | |         x_rt.clone()
4526 | |     } else if !x_rt.is_empty() {
     | |_____^
     |
note: same as this
    --> rlx-mlx/src/lower.rs:4526:32
     |
4526 |       } else if !x_rt.is_empty() {
     |  ________________________________^
4527 | |         x_rt.clone()
4528 | |     } else {
     | |_____^
     = help: for further information visit https://rust-lang.github.io/rust-clippy/rust-1.95.0/index.html#if_same_then_else
     = note: `-W clippy::if-same-then-else` implied by `-W clippy::all`
     = help: to override `-W clippy::all` add `#[allow(clippy::if_same_then_else)]`

warning: `rlx-mlx` (lib) generated 7 warnings (run `cargo clippy --fix --lib -p rlx-mlx -- ` to apply 6 suggestions)
warning: the following explicit lifetimes could be elided: 'a
   --> rlx-onnx-import/src/control_flow.rs:141:18
    |
141 | fn producers_map<'a>(nodes: &'a [BundleNode]) -> HashMap<&'a str, &'a BundleNode> {
    |                  ^^          ^^                           ^^       ^^
    |
    = help: for further information visit https://rust-lang.github.io/rust-clippy/rust-1.95.0/index.html#needless_lifetimes
    = note: `-W clippy::needless-lifetimes` implied by `-W clippy::all`
    = help: to override `-W clippy::all` add `#[allow(clippy::needless_lifetimes)]`
help: elide the lifetimes
    |
141 - fn producers_map<'a>(nodes: &'a [BundleNode]) -> HashMap<&'a str, &'a BundleNode> {
141 + fn producers_map(nodes: &[BundleNode]) -> HashMap<&str, &BundleNode> {
    |

warning: manual checked division
    --> rlx-onnx-import/src/lower/ops.rs:2307:36
     |
2307 |                     let coord = if out_strides[a] == 0 {
     |                                    ^^^^^^^^^^^^^^^^^^^ check performed here
...
2310 |                         rem / out_strides[a]
     |                         -------------------- division performed here
     |
     = help: consider using `checked_div`
     = help: for further information visit https://rust-lang.github.io/rust-clippy/rust-1.95.0/index.html#manual_checked_ops
     = note: `-W clippy::manual-checked-ops` implied by `-W clippy::all`
     = help: to override `-W clippy::all` add `#[allow(clippy::manual_checked_ops)]`

warning: `rlx-onnx-import` (lib) generated 2 warnings (run `cargo clippy --fix --lib -p rlx-onnx-import -- ` to apply 1 suggestion)
    Checking rlx-tpu v0.2.8 (/Users/Shared/rlx/rlx-tpu)
    Checking rlx-splat-anim v0.2.8 (/Users/Shared/rlx/rlx-splat-anim)
    Checking rlx-splat-web v0.2.8 (/Users/Shared/rlx/rlx-splat-web)
warning: useless use of `vec!`
   --> rlx-cpu/src/onnx_control_flow.rs:263:51
    |
263 |         concat_alignment_durations(&mask, &range, &vec![1i64; 8], 8, &mut out_full);
    |                                                   ^^^^^^^^^^^^^^ help: you can use a slice directly: `&[1i64; 8]`
    |
    = help: for further information visit https://rust-lang.github.io/rust-clippy/rust-1.95.0/index.html#useless_vec
    = note: `-W clippy::useless-vec` implied by `-W clippy::all`
    = help: to override `-W clippy::all` add `#[allow(clippy::useless_vec)]`

warning: `rlx-cpu` (lib test) generated 2 warnings (1 duplicate) (run `cargo clippy --fix --lib -p rlx-cpu --tests -- ` to apply 1 suggestion)
warning: `rlx-mlx` (lib test) generated 7 warnings (7 duplicates)
warning: function `graph_uses_onnx_duration_epilogue` is never used
   --> rlx-compile/src/memory.rs:437:4
    |
437 | fn graph_uses_onnx_duration_epilogue(graph: &Graph) -> bool {
    |    ^^^^^^^^^^^^^^^^^^^^^^^^^^^^^^^^^
    |
    = note: `-W dead-code` implied by `-W unused`
    = help: to override `-W unused` add `#[expect(dead_code)]` or `#[allow(dead_code)]`

warning: `rlx-compile` (lib test) generated 1 warning
warning: unused import: `std::collections::VecDeque`
    --> rlx-splat-anim/src/cluster.rs:2614:9
     |
2614 |     use std::collections::VecDeque;
     |         ^^^^^^^^^^^^^^^^^^^^^^^^^^
     |
     = note: `-W unused-imports` implied by `-W unused`
     = help: to override `-W unused` add `#[allow(unused_imports)]`

warning: unused imports: `fps_voronoi_split` and `hierarchical_pca_split`
  --> rlx-splat-anim/src/shape.rs:33:22
   |
33 | use crate::cluster::{fps_voronoi_split, hierarchical_pca_split};
   |                      ^^^^^^^^^^^^^^^^^  ^^^^^^^^^^^^^^^^^^^^^^

warning: unused import: `Context`
  --> rlx-splat-anim/src/shape_metal.rs:23:14
   |
23 | use anyhow::{Context, Result, anyhow};
   |              ^^^^^^^

warning: duplicated attribute
    --> rlx-metal/src/backend.rs:6729:8
     |
6729 | #[repr(C)]
     |        ^
     |
note: first defined here
    --> rlx-metal/src/backend.rs:6727:8
     |
6727 | #[repr(C)]
     |        ^
help: remove this attribute
    --> rlx-metal/src/backend.rs:6729:8
     |
6729 | #[repr(C)]
     |        ^
     = help: for further information visit https://rust-lang.github.io/rust-clippy/rust-1.95.0/index.html#duplicated_attributes
     = note: `-W clippy::duplicated-attributes` implied by `-W clippy::all`
     = help: to override `-W clippy::all` add `#[allow(clippy::duplicated_attributes)]`

warning: unused variable: `n`
   --> rlx-splat-anim/src/anatomy.rs:201:18
    |
201 |                 (n, idx) if idx == 0 => "L".to_string(),
    |                  ^
    |
    = note: `-W unused-variables` implied by `-W unused`
    = help: to override `-W unused` add `#[allow(unused_variables)]`
help: you might have meant to pattern match on the similarly named constant `K`
    |
201 -                 (n, idx) if idx == 0 => "L".to_string(),
201 +                 (backproject::K, idx) if idx == 0 => "L".to_string(),
    |
help: if this is intentional, prefix it with an underscore
    |
201 |                 (_n, idx) if idx == 0 => "L".to_string(),
    |                  +

warning: unused variable: `original_id`
    --> rlx-splat-anim/src/cluster.rs:1831:5
     |
1831 |     original_id: u16,
     |     ^^^^^^^^^^^ help: if this is intentional, prefix it with an underscore: `_original_id`

warning: function `connected_components_subset` is never used
   --> rlx-splat-anim/src/shape.rs:819:4
    |
819 | fn connected_components_subset(
    |    ^^^^^^^^^^^^^^^^^^^^^^^^^^^
    |
    = note: `-W dead-code` implied by `-W unused`
    = help: to override `-W unused` add `#[expect(dead_code)]` or `#[allow(dead_code)]`

warning: function `collapse_components_to_budget` is never used
   --> rlx-splat-anim/src/shape.rs:932:4
    |
932 | fn collapse_components_to_budget(
    |    ^^^^^^^^^^^^^^^^^^^^^^^^^^^^^

warning: redundant guard
   --> rlx-splat-anim/src/anatomy.rs:201:29
    |
201 |                 (n, idx) if idx == 0 => "L".to_string(),
    |                             ^^^^^^^^
    |
    = help: for further information visit https://rust-lang.github.io/rust-clippy/rust-1.95.0/index.html#redundant_guards
    = note: `-W clippy::redundant-guards` implied by `-W clippy::all`
    = help: to override `-W clippy::all` add `#[allow(clippy::redundant_guards)]`
help: try
    |
201 -                 (n, idx) if idx == 0 => "L".to_string(),
201 +                 (n, 0) => "L".to_string(),
    |

warning: manually reimplementing `div_ceil`
   --> rlx-splat-anim/src/anatomy.rs:428:18
    |
428 |     let stride = (ps.len() + m - 1) / m;
    |                  ^^^^^^^^^^^^^^^^^^^^^^ help: consider using `.div_ceil()`: `ps.len().div_ceil(m)`
    |
    = help: for further information visit https://rust-lang.github.io/rust-clippy/rust-1.95.0/index.html#manual_div_ceil
    = note: `-W clippy::manual-div-ceil` implied by `-W clippy::all`
    = help: to override `-W clippy::all` add `#[allow(clippy::manual_div_ceil)]`

warning: function `euler_xyz_matrix` is never used
    --> rlx-splat-web/src/rig.rs:1340:4
     |
1340 | fn euler_xyz_matrix(deg: [f32; 3]) -> [f32; 9] {
     |    ^^^^^^^^^^^^^^^^
     |
     = note: `-W dead-code` implied by `-W unused`
     = help: to override `-W unused` add `#[expect(dead_code)]` or `#[allow(dead_code)]`

warning: manual implementation of `.is_multiple_of()`
  --> rlx-splat-web/src/rig.rs:79:12
   |
79 |         if pivots.len() % 3 != 0 {
   |            ^^^^^^^^^^^^^^^^^^^^^ help: replace with: `!pivots.len().is_multiple_of(3)`
   |
   = help: for further information visit https://rust-lang.github.io/rust-clippy/rust-1.95.0/index.html#manual_is_multiple_of
   = note: `-W clippy::manual-is-multiple-of` implied by `-W clippy::all`
   = help: to override `-W clippy::all` add `#[allow(clippy::manual_is_multiple_of)]`

warning: this operation has no effect
   --> rlx-splat-web/src/rig.rs:503:22
    |
503 |                 mats[off + 0] * com_local[0]
    |                      ^^^^^^^ help: consider reducing it to: `off`
    |
    = help: for further information visit https://rust-lang.github.io/rust-clippy/rust-1.95.0/index.html#identity_op
    = note: `-W clippy::identity-op` implied by `-W clippy::all`
    = help: to override `-W clippy::all` add `#[allow(clippy::identity_op)]`

warning: this operation has no effect
   --> rlx-splat-web/src/rig.rs:522:22
    |
522 |                 mats[off_par + 0] * piv_local[0]
    |                      ^^^^^^^^^^^ help: consider reducing it to: `off_par`
    |
    = help: for further information visit https://rust-lang.github.io/rust-clippy/rust-1.95.0/index.html#identity_op

warning: this operation has no effect
   --> rlx-splat-web/src/rig.rs:542:22
    |
542 |                 mats[off_par + 0] * h_local[0]
    |                      ^^^^^^^^^^^ help: consider reducing it to: `off_par`
    |
    = help: for further information visit https://rust-lang.github.io/rust-clippy/rust-1.95.0/index.html#identity_op

warning: this operation has no effect
   --> rlx-splat-web/src/rig.rs:635:24
    |
635 |             self.local[off + 0] = r[0];
    |                        ^^^^^^^ help: consider reducing it to: `off`
    |
    = help: for further information visit https://rust-lang.github.io/rust-clippy/rust-1.95.0/index.html#identity_op

warning: this operation has no effect
   --> rlx-splat-web/src/rig.rs:695:28
    |
695 |             let r00 = mats[off + 0];
    |                            ^^^^^^^ help: consider reducing it to: `off`
    |
    = help: for further information visit https://rust-lang.github.io/rust-clippy/rust-1.95.0/index.html#identity_op

warning: this operation has no effect
   --> rlx-splat-web/src/rig.rs:730:17
    |
730 |             out[dq_off + 0] = qr[0];
    |                 ^^^^^^^^^^ help: consider reducing it to: `dq_off`
    |
    = help: for further information visit https://rust-lang.github.io/rust-clippy/rust-1.95.0/index.html#identity_op

warning: this operation has no effect
   --> rlx-splat-web/src/rig.rs:753:28
    |
753 |                 self.world[off + 0] * p[0]
    |                            ^^^^^^^ help: consider reducing it to: `off`
    |
    = help: for further information visit https://rust-lang.github.io/rust-clippy/rust-1.95.0/index.html#identity_op

warning: this operation has no effect
   --> rlx-splat-web/src/rig.rs:854:29
    |
854 |             mats_for_anchor[h + 0] * anchor_rest[0]
    |                             ^^^^^ help: consider reducing it to: `h`
    |
    = help: for further information visit https://rust-lang.github.io/rust-clippy/rust-1.95.0/index.html#identity_op

warning: this operation has no effect
   --> rlx-splat-web/src/rig.rs:933:34
    |
933 | ...                   mats[p_off + 0] * hinge[0]
    |                            ^^^^^^^^^ help: consider reducing it to: `p_off`
    |
    = help: for further information visit https://rust-lang.github.io/rust-clippy/rust-1.95.0/index.html#identity_op

warning: this operation has no effect
   --> rlx-splat-web/src/rig.rs:986:30
    |
986 |                         mats[p_off + 0] * axis[0]
    |                              ^^^^^^^^^ help: consider reducing it to: `p_off`
    |
    = help: for further information visit https://rust-lang.github.io/rust-clippy/rust-1.95.0/index.html#identity_op

warning: this operation has no effect
    --> rlx-splat-web/src/rig.rs:1088:22
     |
1088 |                 mats[off + 0] * a[0] + mats[off + 4] * a[1] + mats[off + 8] * a[2] + mats[off + 12],
     |                      ^^^^^^^ help: consider reducing it to: `off`
     |
     = help: for further information visit https://rust-lang.github.io/rust-clippy/rust-1.95.0/index.html#identity_op

warning: this expression creates a reference which is immediately dereferenced by the compiler
   --> rlx-metal/src/blas.rs:174:26
    |
174 |     encode_sgemm_buffers(&enc, a, b, c, m, k, n);
    |                          ^^^^ help: change this to: `enc`
    |
    = help: for further information visit https://rust-lang.github.io/rust-clippy/rust-1.95.0/index.html#needless_borrow
    = note: `-W clippy::needless-borrow` implied by `-W clippy::all`
    = help: to override `-W clippy::all` add `#[allow(clippy::needless_borrow)]`

warning: this operation has no effect
    --> rlx-splat-web/src/rig.rs:1096:22
     |
1096 |                 mats[off + 0] * b[0] + mats[off + 4] * b[1] + mats[off + 8] * b[2] + mats[off + 12],
     |                      ^^^^^^^ help: consider reducing it to: `off`
     |
     = help: for further information visit https://rust-lang.github.io/rust-clippy/rust-1.95.0/index.html#identity_op

warning: this operation has no effect
    --> rlx-splat-web/src/rig.rs:1180:22
     |
1180 |                 mats[off + 0] * p0[0]
     |                      ^^^^^^^ help: consider reducing it to: `off`
     |
     = help: for further information visit https://rust-lang.github.io/rust-clippy/rust-1.95.0/index.html#identity_op

warning: this operation has no effect
    --> rlx-splat-web/src/rig.rs:1194:22
     |
1194 |                 mats[off + 0] * p1[0]
     |                      ^^^^^^^ help: consider reducing it to: `off`
     |
     = help: for further information visit https://rust-lang.github.io/rust-clippy/rust-1.95.0/index.html#identity_op

warning: writing `&mut Vec` instead of `&mut [_]` involves a new object where a slice will do
    --> rlx-splat-anim/src/cluster.rs:1454:39
     |
1454 | pub fn enforce_pivot_symmetry(pivots: &mut Vec<[f32; 3]>, mirror: &[i32], frame: &BodyFrame) {
     |                                       ^^^^^^^^^^^^^^^^^^
     |
     = help: for further information visit https://rust-lang.github.io/rust-clippy/rust-1.95.0/index.html#ptr_arg
     = note: `-W clippy::ptr-arg` implied by `-W clippy::all`
     = help: to override `-W clippy::all` add `#[allow(clippy::ptr_arg)]`
help: change this to
     |
1454 - pub fn enforce_pivot_symmetry(pivots: &mut Vec<[f32; 3]>, mirror: &[i32], frame: &BodyFrame) {
1454 + pub fn enforce_pivot_symmetry(pivots: &mut [[f32; 3]], mirror: &[i32], frame: &BodyFrame) {
     |

warning: it looks like you're manually copying between slices
    --> rlx-splat-web/src/rig.rs:1458:5
     |
1458 | /     for k in 0..16 {
1459 | |         out[out_off + k] = tmp[k];
1460 | |     }
     | |_____^ help: try replacing the loop by: `out[out_off..(16 + out_off)].copy_from_slice(&tmp);`
     |
     = help: for further information visit https://rust-lang.github.io/rust-clippy/rust-1.95.0/index.html#manual_memcpy
     = note: `-W clippy::manual-memcpy` implied by `-W clippy::all`
     = help: to override `-W clippy::all` add `#[allow(clippy::manual_memcpy)]`

warning: manually reimplementing `div_ceil`
   --> rlx-splat-web/src/lib.rs:418:18
    |
418 |     let stride = (n + target - 1) / target;
    |                  ^^^^^^^^^^^^^^^^^^^^^^^^^ help: consider using `.div_ceil()`: `n.div_ceil(target)`
    |
    = help: for further information visit https://rust-lang.github.io/rust-clippy/rust-1.95.0/index.html#manual_div_ceil
    = note: `-W clippy::manual-div-ceil` implied by `-W clippy::all`
    = help: to override `-W clippy::all` add `#[allow(clippy::manual_div_ceil)]`

warning: clamp-like pattern without using clamp function
   --> rlx-splat-web/src/lib.rs:577:17
    |
577 |         let w = width.max(64).min(4096);
    |                 ^^^^^^^^^^^^^^^^^^^^^^^ help: replace with clamp: `width.clamp(64, 4096)`
    |
    = note: clamp will panic if max < min
    = help: for further information visit https://rust-lang.github.io/rust-clippy/rust-1.95.0/index.html#manual_clamp
    = note: `-W clippy::manual-clamp` implied by `-W clippy::all`
    = help: to override `-W clippy::all` add `#[allow(clippy::manual_clamp)]`

warning: clamp-like pattern without using clamp function
   --> rlx-splat-web/src/lib.rs:578:17
    |
578 |         let h = height.max(64).min(4096);
    |                 ^^^^^^^^^^^^^^^^^^^^^^^^ help: replace with clamp: `height.clamp(64, 4096)`
    |
    = note: clamp will panic if max < min
    = help: for further information visit https://rust-lang.github.io/rust-clippy/rust-1.95.0/index.html#manual_clamp

warning: `rlx-splat-web` (lib test) generated 20 warnings (run `cargo clippy --fix --lib -p rlx-splat-web --tests -- ` to apply 16 suggestions)
warning: `rlx-splat-web` (lib) generated 20 warnings (20 duplicates)
warning: manually reimplementing `div_ceil`
    --> rlx-splat-anim/src/shape.rs:1104:18
     |
1104 |     let stride = (n + SUB_TARGET - 1) / SUB_TARGET;
     |                  ^^^^^^^^^^^^^^^^^^^^^^^^^^^^^^^^^ help: consider using `.div_ceil()`: `n.div_ceil(SUB_TARGET)`
     |
     = help: for further information visit https://rust-lang.github.io/rust-clippy/rust-1.95.0/index.html#manual_div_ceil

warning: manually reimplementing `div_ceil`
   --> rlx-splat-anim/src/shape_metal.rs:187:21
    |
187 |             width: ((n + 255) / 256 * 256) as u64,
    |                     ^^^^^^^^^^^^^^^ help: consider using `.div_ceil()`: `n.div_ceil(256)`
    |
    = help: for further information visit https://rust-lang.github.io/rust-clippy/rust-1.95.0/index.html#manual_div_ceil

warning: manual slice size calculation
   --> rlx-splat-anim/src/shape_metal.rs:210:21
    |
210 |         let bytes = (data.len() * std::mem::size_of::<f32>()) as u64;
    |                     ^^^^^^^^^^^^^^^^^^^^^^^^^^^^^^^^^^^^^^^^^ help: try: `std::mem::size_of_val(data)`
    |
    = help: for further information visit https://rust-lang.github.io/rust-clippy/rust-1.95.0/index.html#manual_slice_size_calculation
    = note: `-W clippy::manual-slice-size-calculation` implied by `-W clippy::all`
    = help: to override `-W clippy::all` add `#[allow(clippy::manual_slice_size_calculation)]`

warning: manual slice size calculation
   --> rlx-splat-anim/src/shape_metal.rs:218:21
    |
218 |         let bytes = (data.len() * std::mem::size_of::<u32>()) as u64;
    |                     ^^^^^^^^^^^^^^^^^^^^^^^^^^^^^^^^^^^^^^^^^ help: try: `std::mem::size_of_val(data)`
    |
    = help: for further information visit https://rust-lang.github.io/rust-clippy/rust-1.95.0/index.html#manual_slice_size_calculation

warning: usage of `contains_key` followed by `insert` on a `HashMap`
  --> rlx-metal/src/mps_gelu.rs:46:5
   |
46 | /     if !cache.contains_key(&len) {
47 | |         let exec = build_gelu_executable(len)?;
48 | |         cache.insert(len, exec);
49 | |     }
   | |_____^
   |
   = help: for further information visit https://rust-lang.github.io/rust-clippy/rust-1.95.0/index.html#map_entry
   = note: `-W clippy::map-entry` implied by `-W clippy::all`
   = help: to override `-W clippy::all` add `#[allow(clippy::map_entry)]`
help: try
   |
46 ~     if let std::collections::hash_map::Entry::Vacant(e) = cache.entry(len) {
47 +         let exec = build_gelu_executable(len)?;
48 +         e.insert(exec);
49 +     }
   |

warning: this call to `clone` can be replaced with `std::slice::from_ref`
  --> rlx-metal/src/mps_gelu.rs:73:13
   |
73 |             &[shape.clone()],
   |             ^^^^^^^^^^^^^^^^ help: try: `std::slice::from_ref(&shape)`
   |
   = help: for further information visit https://rust-lang.github.io/rust-clippy/rust-1.95.0/index.html#cloned_ref_to_slice_refs
   = note: `-W clippy::cloned-ref-to-slice-refs` implied by `-W clippy::all`
   = help: to override `-W clippy::all` add `#[allow(clippy::cloned_ref_to_slice_refs)]`

warning: this call to `clone` can be replaced with `std::slice::from_ref`
  --> rlx-metal/src/mps_gelu.rs:96:13
   |
96 |             &[shape.clone()],
   |             ^^^^^^^^^^^^^^^^ help: try: `std::slice::from_ref(&shape)`
   |
   = help: for further information visit https://rust-lang.github.io/rust-clippy/rust-1.95.0/index.html#cloned_ref_to_slice_refs

warning: you seem to use `.enumerate()` and immediately discard the index
  --> rlx-splat-anim/src/skeleton.rs:90:41
   |
90 |         for (_i, b) in self.bones.iter().enumerate() {
   |                                         ^^^^^^^^^^^^
   |
   = help: for further information visit https://rust-lang.github.io/rust-clippy/rust-1.95.0/index.html#unused_enumerate_index
   = note: `-W clippy::unused-enumerate-index` implied by `-W clippy::all`
   = help: to override `-W clippy::all` add `#[allow(clippy::unused_enumerate_index)]`
help: remove the `.enumerate()` call
   |
90 -         for (_i, b) in self.bones.iter().enumerate() {
90 +         for b in self.bones.iter() {
   |

warning: `rlx-splat-anim` (lib) generated 15 warnings (run `cargo clippy --fix --lib -p rlx-splat-anim -- ` to apply 11 suggestions)
warning: `rlx-splat-anim` (lib test) generated 15 warnings (15 duplicates)
warning: unused import: `synth_skin_from_labels`
  --> rlx-splat-anim/src/bin/rlx_splat_anim.rs:26:49
   |
26 | use rlx_splat_anim::cluster::{kmeans_positions, synth_skin_from_labels};
   |                                                 ^^^^^^^^^^^^^^^^^^^^^^
   |
   = note: `-W unused-imports` implied by `-W unused`
   = help: to override `-W unused` add `#[allow(unused_imports)]`

warning: match expression looks like `matches!` macro
  --> rlx-metal/src/pipeline_cache.rs:18:5
   |
18 | /     match rlx_ir::env::var("RLX_METAL_PIPELINE_CACHE") {
19 | |         Some(v) if v == "0" || v.eq_ignore_ascii_case("false") || v.eq_ignore_ascii_case("no") => {
20 | |             false
...  |
23 | |     }
   | |_____^
   |
   = help: for further information visit https://rust-lang.github.io/rust-clippy/rust-1.95.0/index.html#match_like_matches_macro
   = note: `-W clippy::match-like-matches-macro` implied by `-W clippy::all`
   = help: to override `-W clippy::all` add `#[allow(clippy::match_like_matches_macro)]`
help: use `matches!` directly
   |
18 -     match rlx_ir::env::var("RLX_METAL_PIPELINE_CACHE") {
19 -         Some(v) if v == "0" || v.eq_ignore_ascii_case("false") || v.eq_ignore_ascii_case("no") => {
20 -             false
21 -         }
22 -         _ => true,
23 -     }
18 +     !matches!(rlx_ir::env::var("RLX_METAL_PIPELINE_CACHE"), Some(v) if v == "0" || v.eq_ignore_ascii_case("false") || v.eq_ignore_ascii_case("no"))
   |

warning: struct `QMatMulWeightCache` has a public `len` method, but no `is_empty` method
   --> rlx-metal/src/onnx_qmatmul.rs:175:5
    |
175 |     pub fn len(&self) -> usize {
    |     ^^^^^^^^^^^^^^^^^^^^^^^^^^
    |
    = help: for further information visit https://rust-lang.github.io/rust-clippy/rust-1.95.0/index.html#len_without_is_empty
    = note: `-W clippy::len-without-is-empty` implied by `-W clippy::all`
    = help: to override `-W clippy::all` add `#[allow(clippy::len_without_is_empty)]`

warning: writing `&PathBuf` instead of `&Path` involves a new object where a slice will do
   --> rlx-splat-anim/src/bin/rlx_splat_anim.rs:323:20
    |
323 | fn load_views(dir: &PathBuf) -> Result<Vec<ViewSpec>> {
    |                    ^^^^^^^^
    |
    = help: for further information visit https://rust-lang.github.io/rust-clippy/rust-1.95.0/index.html#ptr_arg
    = note: `-W clippy::ptr-arg` implied by `-W clippy::all`
    = help: to override `-W clippy::all` add `#[allow(clippy::ptr_arg)]`
help: change this to
    |
323 - fn load_views(dir: &PathBuf) -> Result<Vec<ViewSpec>> {
323 + fn load_views(dir: &Path) -> Result<Vec<ViewSpec>> {
    |

warning: `rlx-metal` (lib) generated 7 warnings (run `cargo clippy --fix --lib -p rlx-metal -- ` to apply 2 suggestions)
    Checking rlx-runtime v0.2.8 (/Users/Shared/rlx/rlx-runtime)
    Checking rlx-sparse v0.2.8 (/Users/Shared/rlx/rlx-sparse)
warning: consider using `sort_by_key`
   --> rlx-splat-anim/src/bin/rlx_splat_anim.rs:363:5
    |
363 |     hist.sort_by(|a, b| b.1.cmp(&a.1));
    |     ^^^^^^^^^^^^^^^^^^^^^^^^^^^^^^^^^^
    |
    = help: for further information visit https://rust-lang.github.io/rust-clippy/rust-1.95.0/index.html#unnecessary_sort_by
    = note: `-W clippy::unnecessary-sort-by` implied by `-W clippy::all`
    = help: to override `-W clippy::all` add `#[allow(clippy::unnecessary_sort_by)]`
help: try
    |
363 -     hist.sort_by(|a, b| b.1.cmp(&a.1));
363 +     hist.sort_by_key(|b| std::cmp::Reverse(b.1));
    |

warning: float has excessive precision
   --> rlx-splat-anim/src/bin/rlx_splat_anim.rs:440:27
    |
440 |     let inv_sh_c0 = 1.0 / 0.28209479177387814f32;
    |                           ^^^^^^^^^^^^^^^^^^^^^^
    |
    = help: for further information visit https://rust-lang.github.io/rust-clippy/rust-1.95.0/index.html#excessive_precision
    = note: `-W clippy::excessive-precision` implied by `-W clippy::all`
    = help: to override `-W clippy::all` add `#[allow(clippy::excessive_precision)]`
help: consider changing the type or truncating it to
    |
440 -     let inv_sh_c0 = 1.0 / 0.28209479177387814f32;
440 +     let inv_sh_c0 = 1.0 / 0.282_094_8_f32;
    |

warning: `rlx-splat-anim` (bin "rlx-splat-anim") generated 4 warnings (1 duplicate) (run `cargo clippy --fix --bin "rlx-splat-anim" -p rlx-splat-anim -- ` to apply 2 suggestions)
warning: `rlx-splat-anim` (bin "rlx-splat-anim" test) generated 4 warnings (3 duplicates)
warning: you seem to be trying to use `match` for destructuring a single pattern. Consider using `if let`
   --> rlx-runtime/src/compiled.rs:155:9
    |
155 | /         match extent {
156 | |             Some((actual, _)) => crate::onnx_active::set_active_token_count(Some(actual)),
157 | |             None => {}
158 | |         }
    | |_________^ help: try: `if let Some((actual, _)) = extent { crate::onnx_active::set_active_token_count(Some(actual)) }`
    |
    = help: for further information visit https://rust-lang.github.io/rust-clippy/rust-1.95.0/index.html#single_match
    = note: `-W clippy::single-match` implied by `-W clippy::all`
    = help: to override `-W clippy::all` add `#[allow(clippy::single_match)]`

warning: `rlx-runtime` (lib) generated 1 warning (run `cargo clippy --fix --lib -p rlx-runtime -- ` to apply 1 suggestion)
    Checking rlx-tensor v0.2.8 (/Users/Shared/rlx/rlx-tensor)
    Checking rlx-umap v0.2.8 (/Users/Shared/rlx/rlx-umap)
    Checking rlx-bench v0.2.8 (/Users/Shared/rlx/rlx-bench)
    Checking rlx-onnx v0.2.8 (/Users/Shared/rlx/rlx-onnx)
    Checking rlx-bbo v0.2.8 (/Users/Shared/rlx/rlx-bbo)
    Checking rlx-fdm v0.2.8 (/Users/Shared/rlx/rlx-fdm)
    Checking rlx-coreml v0.2.8 (/Users/Shared/rlx/rlx-coreml)
    Checking rlx v0.2.8 (/Users/Shared/rlx/rlx)
warning: `rlx-runtime` (lib test) generated 1 warning (1 duplicate)
warning: manually reimplementing `div_ceil`
  --> rlx-metal/tests/iq_full_real_weights.rs:73:24
   |
73 |     let dst_byte_off = (weight_bytes + 15) / 16 * 16;
   |                        ^^^^^^^^^^^^^^^^^^^^^^^^ help: consider using `.div_ceil()`: `weight_bytes.div_ceil(16)`
   |
   = help: for further information visit https://rust-lang.github.io/rust-clippy/rust-1.95.0/index.html#manual_div_ceil
   = note: `-W clippy::manual-div-ceil` implied by `-W clippy::all`
   = help: to override `-W clippy::all` add `#[allow(clippy::manual_div_ceil)]`

warning: clamp-like pattern without using clamp function
  --> rlx-metal/tests/iq_full_real_weights.rs:99:16
   |
99 |         width: num_blocks.min(256).max(1) as u64,
   |                ^^^^^^^^^^^^^^^^^^^^^^^^^^ help: replace with clamp: `num_blocks.clamp(1, 256)`
   |
   = note: clamp will panic if max < min
   = help: for further information visit https://rust-lang.github.io/rust-clippy/rust-1.95.0/index.html#manual_clamp
   = note: `-W clippy::manual-clamp` implied by `-W clippy::all`
   = help: to override `-W clippy::all` add `#[allow(clippy::manual_clamp)]`

warning: `rlx-metal` (test "iq_full_real_weights") generated 2 warnings (run `cargo clippy --fix --test "iq_full_real_weights" -p rlx-metal -- ` to apply 1 suggestion)
    Checking rlx-wgpu v0.2.8 (/Users/Shared/rlx/rlx-wgpu)
    Checking rlx-autodiff v0.2.8 (/Users/Shared/rlx/rlx-autodiff)
    Checking rlx-onnx-conformance v0.2.8 (/Users/Shared/rlx/rlx-onnx-conformance)
    Checking rlx-rl v0.2.8 (/Users/Shared/rlx/rlx-rl)
    Checking rlx-onnx-import v0.2.8 (/Users/Shared/rlx/rlx-onnx-import)
    Checking rlx-text v0.2.8 (/Users/Shared/rlx/rlx-text)
    Checking pyrlx v0.2.8 (/Users/Shared/rlx/pyrlx)
warning: `rlx-metal` (lib test) generated 7 warnings (7 duplicates)
warning: `rlx-onnx-import` (lib test) generated 2 warnings (2 duplicates)
warning: manually reimplementing `div_ceil`
  --> rlx-metal/tests/iq4_dequant_parity.rs:67:24
   |
67 |     let dst_byte_off = ((weight_bytes + 15) / 16) * 16;
   |                        ^^^^^^^^^^^^^^^^^^^^^^^^^^ help: consider using `.div_ceil()`: `weight_bytes.div_ceil(16)`
   |
   = help: for further information visit https://rust-lang.github.io/rust-clippy/rust-1.95.0/index.html#manual_div_ceil
   = note: `-W clippy::manual-div-ceil` implied by `-W clippy::all`
   = help: to override `-W clippy::all` add `#[allow(clippy::manual_div_ceil)]`

warning: clamp-like pattern without using clamp function
  --> rlx-metal/tests/iq4_dequant_parity.rs:97:16
   |
97 |         width: num_blocks.min(64).max(1) as u64,
   |                ^^^^^^^^^^^^^^^^^^^^^^^^^ help: replace with clamp: `num_blocks.clamp(1, 64)`
   |
   = note: clamp will panic if max < min
   = help: for further information visit https://rust-lang.github.io/rust-clippy/rust-1.95.0/index.html#manual_clamp
   = note: `-W clippy::manual-clamp` implied by `-W clippy::all`
   = help: to override `-W clippy::all` add `#[allow(clippy::manual_clamp)]`

warning: `rlx-metal` (test "iq4_dequant_parity") generated 2 warnings (run `cargo clippy --fix --test "iq4_dequant_parity" -p rlx-metal -- ` to apply 1 suggestion)
    Finished `dev` profile [unoptimized + debuginfo] target(s) in 6.60s
